// Bun Snapshot v1, https://bun.sh/docs/test/snapshots

exports[`Transform income transaction 1`] = `
{
  "amount": 25000,
  "balance": 25000,
  "category": "income",
  "counterparty_name": null,
  "currency": "SEK",
  "currency_rate": null,
  "currency_source": null,
  "date": "2024-04-04",
  "description": null,
  "id": "rtrhrth",
  "merchant_name": null,
  "method": "payment",
  "name": "Överf Saldo",
  "status": "posted",
}
`;

exports[`Transform expense transaction 1`] = `
{
  "amount": 25000,
  "balance": 25000,
  "category": "income",
  "counterparty_name": null,
  "currency": "SEK",
  "currency_rate": null,
  "currency_source": null,
  "date": "2024-04-04",
  "description": null,
  "id": "rtrhrth",
  "merchant_name": null,
  "method": "payment",
  "name": "Överf Saldo",
  "status": "posted",
}
`;

exports[`Transform account 1`] = `
{
  "balance": {
    "amount": 90737.96,
    "currency": "SEK",
  },
  "currency": "SEK",
  "enrollment_id": null,
  "expires_at": "2024-03-06",
  "id": "83435345-d61cb425f293",
  "institution": {
    "id": "7df7c347a9cf",
    "logo": "https://cdn-engine.midday.ai/SEB.png",
    "name": "SEB",
    "provider": "enablebanking",
  },
  "name": "Enkla Sparkontot Företag",
  "resource_id": "3234.3GP8GRsZp9MO9sZwxoW/Fy+5rUBIsFLHcrXP8GZ/rv4=",
  "type": "depository",
}
`;

exports[`Transform account balance 1`] = `
{
  "amount": 90737.96,
  "currency": "SEK",
}
`;
